Inverse of block diagonal A
Mat Object: 2 MPI processes
  type: mpibaij
row 0: (0, 0.5)  (1, 0.25)  (2, 0.25) 
row 1: (0, 0.25)  (1, 0.5)  (2, 0.25) 
row 2: (0, 0.25)  (1, 0.25)  (2, 0.5) 
row 3: (3, 0.5)  (4, 0.25)  (5, 0.25) 
row 4: (3, 0.25)  (4, 0.5)  (5, 0.25) 
row 5: (3, 0.25)  (4, 0.25)  (5, 0.5) 
row 6: (6, 0.5)  (7, 0.25)  (8, 0.25) 
row 7: (6, 0.25)  (7, 0.5)  (8, 0.25) 
row 8: (6, 0.25)  (7, 0.25)  (8, 0.5) 
row 9: (9, 0.5)  (10, 0.25)  (11, 0.25) 
row 10: (9, 0.25)  (10, 0.5)  (11, 0.25) 
row 11: (9, 0.25)  (10, 0.25)  (11, 0.5) 
row 12: (12, 0.5)  (13, 0.25)  (14, 0.25) 
row 13: (12, 0.25)  (13, 0.5)  (14, 0.25) 
row 14: (12, 0.25)  (13, 0.25)  (14, 0.5) 
row 15: (15, 0.5)  (16, 0.25)  (17, 0.25) 
row 16: (15, 0.25)  (16, 0.5)  (17, 0.25) 
row 17: (15, 0.25)  (16, 0.25)  (17, 0.5) 
row 18: (18, 0.5)  (19, 0.25)  (20, 0.25) 
row 19: (18, 0.25)  (19, 0.5)  (20, 0.25) 
row 20: (18, 0.25)  (19, 0.25)  (20, 0.5) 
row 21: (21, 0.5)  (22, 0.25)  (23, 0.25) 
row 22: (21, 0.25)  (22, 0.5)  (23, 0.25) 
row 23: (21, 0.25)  (22, 0.25)  (23, 0.5) 
row 24: (24, 0.5)  (25, 0.25)  (26, 0.25) 
row 25: (24, 0.25)  (25, 0.5)  (26, 0.25) 
row 26: (24, 0.25)  (25, 0.25)  (26, 0.5) 
row 27: (27, 0.5)  (28, 0.25)  (29, 0.25) 
row 28: (27, 0.25)  (28, 0.5)  (29, 0.25) 
row 29: (27, 0.25)  (28, 0.25)  (29, 0.5) 
row 30: (30, 0.5)  (31, 0.25)  (32, 0.25) 
row 31: (30, 0.25)  (31, 0.5)  (32, 0.25) 
row 32: (30, 0.25)  (31, 0.25)  (32, 0.5) 
row 33: (33, 0.5)  (34, 0.25)  (35, 0.25) 
row 34: (33, 0.25)  (34, 0.5)  (35, 0.25) 
row 35: (33, 0.25)  (34, 0.25)  (35, 0.5) 
